// Jest Snapshot v1, https://goo.gl/fbAQLP

exports[`types-react-codemod provides help 1`] = `
Object {
  "stderr": "",
  "stdout": "types-react-codemod <codemod> <paths...>

Positionals:
  codemod  [string] [required] [choices: \\"context-any\\", \\"deprecated-react-type\\",
   \\"deprecated-sfc-element\\", \\"deprecated-sfc\\", \\"deprecated-stateless-component\\",
                   \\"implicit-children\\", \\"preset-18\\", \\"useCallback-implicit-any\\"]
  paths                                                      [string] [required]

Options:
  --version         Show version number                                [boolean]
  --help            Show help                                          [boolean]
  --dry                                               [boolean] [default: false]
  --ignore-pattern                      [string] [default: \\"**/node_modules/**\\"]
  --verbose                                           [boolean] [default: false]

Examples:
  types-react-codemod preset-18 ./          Ignores \`node_modules\` and \`build\`
  --ignore-pattern                          folders
  \\"**/{node_modules,build}/**\\"
",
}
`;
